
Memory Configuration

Name             Origin             Length             Attributes
FLASH            0x08000000         0x00080000         xr
SRAM             0x20000000         0x00020000         xrw
*default*        0x00000000         0xffffffff

Linker script and memory map

LOAD main.o
LOAD stm32_startup.o

.text           0x08000000      0x2bc
 *(.isr_vector)
 .isr_vector    0x08000000      0x1c4 stm32_startup.o
                0x08000000                vectorTable
 *(.text)
 .text          0x080001c4       0x64 main.o
                0x080001c4                main
 .text          0x08000228       0x8c stm32_startup.o
                0x08000228                RTC_Alarm_IRQHandler
                0x08000228                EXTI2_IRQHandler
                0x08000228                TIM8_CC_IRQHandler
                0x08000228                DebugMon_Handler
                0x08000228                SPI4_IRQHandler
                0x08000228                TIM1_CC_IRQHandler
                0x08000228                QuadSPI_IRQHandler
                0x08000228                DMA2_Stream5_IRQHandler
                0x08000228                DMA1_Stream5_IRQHandler
                0x08000228                SysTick_Handler
                0x08000228                PVD_IRQHandler
                0x08000228                SDIO_IRQHandler
                0x08000228                TAMP_STAMP_IRQHandler
                0x08000228                PendSV_Handler
                0x08000228                NMI_Handler
                0x08000228                CAN2_RX1_IRQHandler
                0x08000228                EXTI3_IRQHandler
                0x08000228                TIM8_TRG_COM_TIM14_IRQHandler
                0x08000228                TIM1_UP_TIM10_IRQHandler
                0x08000228                TIM8_UP_TIM13_IRQHandler
                0x08000228                I2C3_ER_IRQHandler
                0x08000228                EXTI0_IRQHandler
                0x08000228                I2C2_EV_IRQHandler
                0x08000228                DMA1_Stream2_IRQHandler
                0x08000228                CAN1_RX0_IRQHandler
                0x08000228                FPU_IRQHandler
                0x08000228                OTG_HS_WKUP_IRQHandler
                0x08000228                UsageFault_Handler
                0x08000228                CAN2_SCE_IRQHandler
                0x08000228                DMA2_Stream2_IRQHandler
                0x08000228                SPI1_IRQHandler
                0x08000228                TIM6_DAC_IRQHandler
                0x08000228                TIM1_BRK_TIM9_IRQHandler
                0x08000228                DCMI_IRQHandler
                0x08000228                CAN2_RX0_IRQHandler
                0x08000228                DMA2_Stream3_IRQHandler
                0x08000228                SAI2_IRQHandler
                0x08000228                USART6_IRQHandler
                0x08000228                USART3_IRQHandler
                0x08000228                SAI1_IRQHandler
                0x08000228                CAN1_RX1_IRQHandler
                0x08000228                UART5_IRQHandler
                0x08000228                DMA2_Stream0_IRQHandler
                0x08000228                TIM4_IRQHandler
                0x08000228                I2C1_EV_IRQHandler
                0x08000228                HDMI_CEC_IRQHandler
                0x08000228                DMA1_Stream6_IRQHandler
                0x08000228                DMA1_Stream1_IRQHandler
                0x08000228                UART4_IRQHandler
                0x08000228                TIM3_IRQHandler
                0x08000228                RCC_IRQHandler
                0x08000228                TIM8_BRK_TIM12_IRQHandler
                0x08000228                Hard_Fault
                0x08000228                Default_Handler
                0x08000228                EXTI15_10_IRQHandler
                0x08000228                ADC_IRQHandler
                0x08000228                DMA1_Stream7_IRQHandler
                0x08000228                TIM7_IRQHandler
                0x08000228                CAN2_TX_IRQHandler
                0x08000228                TIM5_IRQHandler
                0x08000228                DMA2_Stream7_IRQHandler
                0x08000228                I2C3_EV_IRQHandler
                0x08000228                EXTI9_5_IRQHandler
                0x08000228                RTC_WKUP_IRQHandler
                0x08000228                SPDIF_RX_IRQHandler
                0x08000228                SPI2_IRQHandler
                0x08000228                OTG_HS_EP1_IN_IRQHandler
                0x08000228                MemManage_Handler
                0x08000228                DMA1_Stream0_IRQHandler
                0x08000228                CAN1_TX_IRQHandler
                0x08000228                SVC_Handler
                0x08000228                FMPI2C1_ERROR_ErrorHandler
                0x08000228                EXTI4_IRQHandler
                0x08000228                FMPI2C1_EventHandler
                0x08000228                OTG_HS_EP1_OUT_IRQHandler
                0x08000228                WWDG_IRQHandler
                0x08000228                TIM2_IRQHandler
                0x08000228                OTG_FS_WKUP_IRQHandler
                0x08000228                TIM1_TRG_COM_TIM11_IRQHandler
                0x08000228                OTG_HS_IRQHandler
                0x08000228                EXTI1_IRQHandler
                0x08000228                USART2_IRQHandler
                0x08000228                I2C2_ER_IRQHandler
                0x08000228                DMA2_Stream1_IRQHandler
                0x08000228                CAN1_SCE_IRQHandler
                0x08000228                FLASH_IRQHandler
                0x08000228                DMA2_Stream4_IRQHandler
                0x08000228                BusFault_Handler
                0x08000228                USART1_IRQHandler
                0x08000228                OTG_FS_IRQHandler
                0x08000228                SPI3_IRQHandler
                0x08000228                DMA1_Stream4_IRQHandler
                0x08000228                I2C1_ER_IRQHandler
                0x08000228                FMC_IRQHandler
                0x08000228                DMA2_Stream6_IRQHandler
                0x08000228                DMA1_Stream3_IRQHandler
                0x0800022e                Reset_Handler
 *(.rodata)
 .rodata        0x080002b4        0x5 main.o
                0x080002b4                readOnlyVariable1
                0x080002b8                readOnlyVariable2
                0x080002bc                . = ALIGN (0x4)
 *fill*         0x080002b9        0x3 
                0x080002bc                _etext = .

.glue_7         0x080002bc        0x0
 .glue_7        0x080002bc        0x0 linker stubs

.glue_7t        0x080002bc        0x0
 .glue_7t       0x080002bc        0x0 linker stubs

.vfp11_veneer   0x080002bc        0x0
 .vfp11_veneer  0x080002bc        0x0 linker stubs

.v4_bx          0x080002bc        0x0
 .v4_bx         0x080002bc        0x0 linker stubs

.iplt           0x080002bc        0x0
 .iplt          0x080002bc        0x0 stm32_startup.o

.rel.dyn        0x080002bc        0x0
 .rel.iplt      0x080002bc        0x0 stm32_startup.o

.data           0x20000000        0x4 load address 0x080002bc
                0x20000000                _sdata = .
 *(.data)
 .data          0x20000000        0x4 main.o
                0x20000000                initialized
 .data          0x20000004        0x0 stm32_startup.o
                0x20000004                . = ALIGN (0x4)
                0x20000004                _edata = .

.igot.plt       0x20000004        0x0 load address 0x080002c0
 .igot.plt      0x20000004        0x0 stm32_startup.o

.bss            0x20000004        0x4 load address 0x080002c0
                0x20000004                _sbss = .
 *(.bss)
 .bss           0x20000004        0x4 main.o
                0x20000004                uninitializedBss
 .bss           0x20000008        0x0 stm32_startup.o
                0x20000008                . = ALIGN (0x4)
                0x20000008                _ebss = .
OUTPUT(final.elf elf32-littlearm)
LOAD linker stubs

.comment        0x00000000       0x49
 .comment       0x00000000       0x49 main.o
                                 0x4a (size before relaxing)
 .comment       0x00000049       0x4a stm32_startup.o

.ARM.attributes
                0x00000000       0x2e
 .ARM.attributes
                0x00000000       0x2e main.o
 .ARM.attributes
                0x0000002e       0x2e stm32_startup.o
